Vercel CLI 48.10.6
The "--name" option is deprecated (https://vercel.link/name-flag)
Loading scopes…
Searching for existing projects…
Linked to mobvoi1/deploy-demo-9f38022f (created .vercel)
Deploying mobvoi1/deploy-demo-9f38022f
Uploading [--------------------] (0.0B/7.7KB)
Uploading [==========----------] (3.8KB/7.7KB)
Uploading [====================] (7.7KB/7.7KB)
Inspect: https://vercel.com/mobvoi1/deploy-demo-9f38022f/5uBwcWY3QvKHZqdVp5y7hksChKp8 [2s]
Production: https://deploy-demo-9f38022f-9wyey57m1.codebanana.app [2s]
https://deploy-demo-9f38022f-9wyey57m1.codebanana.appBuilding...
Building...
Building: Running build in Washington, D.C., USA (East) – iad1
Building: Build machine configuration: 4 cores, 8 GB
Building: Retrieving list of deployment files...
Building: Skipping build cache, deployment was triggered without cache.
Building: Downloading 8 deployment files...
Building: Running "vercel build"
Building: Vercel CLI 56.5.0
Building: Installing dependencies...
Building: added 1 package in 498ms
Building: Build Completed in /vercel/output [747ms]
Building: Deploying outputs...
[2K[1A[2K[GProduction: https://deploy-demo-9f38022f-9wyey57m1.codebanana.app [8s]
Completing...
